// Jest Snapshot v1, https://goo.gl/fbAQLP

exports[`Maps renders 1`] = `
ShallowWrapper {
  Symbol(enzyme.__root__): [Circular],
  Symbol(enzyme.__unrendered__): <Maps
    center={
      Object {
        "lat": 43.7735,
        "lng": -79.5019,
      }
    }
    classes={Object {}}
    text="York University"
    zoom={16.8}
  />,
  Symbol(enzyme.__renderer__): Object {
    "batchedUpdates": [Function],
    "checkPropTypes": [Function],
    "getNode": [Function],
    "render": [Function],
    "simulateError": [Function],
    "simulateEvent": [Function],
    "unmount": [Function],
  },
  Symbol(enzyme.__node__): Object {
    "instance": null,
    "key": undefined,
    "nodeType": "host",
    "props": Object {
      "children": <GoogleMap
        bootstrapURLKeys={
          Object {
            "key": "AIzaSyCSADzU27ECqdVyrlvpVf2jsV5OaZMYr78",
          }
        }
        debounced={true}
        defaultCenter={
          Object {
            "lat": 43.7735,
            "lng": -79.5019,
          }
        }
        defaultZoom={16.8}
        distanceToMouse={[Function]}
        googleMapLoader={[Function]}
        heatmap={Object {}}
        heatmapLibrary={false}
        hoverDistance={30}
        layerTypes={Array []}
        options={[Function]}
        style={
          Object {
            "height": "100%",
            "margin": 0,
            "padding": 0,
            "position": "relative",
            "width": "100%",
          }
        }
        yesIWantToUseGoogleMapApiInternals={false}
      >
        <AnyReactComponent
          lat={43.7735}
          lng={-79.5019}
          text="York University"
        />
      </GoogleMap>,
      "style": Object {
        "height": "50vh",
        "marginTop": "16px",
        "width": "100%",
      },
    },
    "ref": null,
    "rendered": Object {
      "instance": null,
      "key": undefined,
      "nodeType": "class",
      "props": Object {
        "bootstrapURLKeys": Object {
          "key": "AIzaSyCSADzU27ECqdVyrlvpVf2jsV5OaZMYr78",
        },
        "children": <AnyReactComponent
          lat={43.7735}
          lng={-79.5019}
          text="York University"
        />,
        "debounced": true,
        "defaultCenter": Object {
          "lat": 43.7735,
          "lng": -79.5019,
        },
        "defaultZoom": 16.8,
        "distanceToMouse": [Function],
        "googleMapLoader": [Function],
        "heatmap": Object {},
        "heatmapLibrary": false,
        "hoverDistance": 30,
        "layerTypes": Array [],
        "options": [Function],
        "style": Object {
          "height": "100%",
          "margin": 0,
          "padding": 0,
          "position": "relative",
          "width": "100%",
        },
        "yesIWantToUseGoogleMapApiInternals": false,
      },
      "ref": null,
      "rendered": Object {
        "instance": null,
        "key": undefined,
        "nodeType": "function",
        "props": Object {
          "lat": 43.7735,
          "lng": -79.5019,
          "text": "York University",
        },
        "ref": null,
        "rendered": null,
        "type": [Function],
      },
      "type": [Function],
    },
    "type": "div",
  },
  Symbol(enzyme.__nodes__): Array [
    Object {
      "instance": null,
      "key": undefined,
      "nodeType": "host",
      "props": Object {
        "children": <GoogleMap
          bootstrapURLKeys={
            Object {
              "key": "AIzaSyCSADzU27ECqdVyrlvpVf2jsV5OaZMYr78",
            }
          }
          debounced={true}
          defaultCenter={
            Object {
              "lat": 43.7735,
              "lng": -79.5019,
            }
          }
          defaultZoom={16.8}
          distanceToMouse={[Function]}
          googleMapLoader={[Function]}
          heatmap={Object {}}
          heatmapLibrary={false}
          hoverDistance={30}
          layerTypes={Array []}
          options={[Function]}
          style={
            Object {
              "height": "100%",
              "margin": 0,
              "padding": 0,
              "position": "relative",
              "width": "100%",
            }
          }
          yesIWantToUseGoogleMapApiInternals={false}
        >
          <AnyReactComponent
            lat={43.7735}
            lng={-79.5019}
            text="York University"
          />
        </GoogleMap>,
        "style": Object {
          "height": "50vh",
          "marginTop": "16px",
          "width": "100%",
        },
      },
      "ref": null,
      "rendered": Object {
        "instance": null,
        "key": undefined,
        "nodeType": "class",
        "props": Object {
          "bootstrapURLKeys": Object {
            "key": "AIzaSyCSADzU27ECqdVyrlvpVf2jsV5OaZMYr78",
          },
          "children": <AnyReactComponent
            lat={43.7735}
            lng={-79.5019}
            text="York University"
          />,
          "debounced": true,
          "defaultCenter": Object {
            "lat": 43.7735,
            "lng": -79.5019,
          },
          "defaultZoom": 16.8,
          "distanceToMouse": [Function],
          "googleMapLoader": [Function],
          "heatmap": Object {},
          "heatmapLibrary": false,
          "hoverDistance": 30,
          "layerTypes": Array [],
          "options": [Function],
          "style": Object {
            "height": "100%",
            "margin": 0,
            "padding": 0,
            "position": "relative",
            "width": "100%",
          },
          "yesIWantToUseGoogleMapApiInternals": false,
        },
        "ref": null,
        "rendered": Object {
          "instance": null,
          "key": undefined,
          "nodeType": "function",
          "props": Object {
            "lat": 43.7735,
            "lng": -79.5019,
            "text": "York University",
          },
          "ref": null,
          "rendered": null,
          "type": [Function],
        },
        "type": [Function],
      },
      "type": "div",
    },
  ],
  Symbol(enzyme.__options__): Object {
    "adapter": ReactSixteenAdapter {
      "options": Object {
        "enableComponentDidUpdateOnSetState": true,
        "legacyContextMode": "parent",
        "lifecycles": Object {
          "componentDidUpdate": Object {
            "onSetState": true,
          },
          "getChildContext": Object {
            "calledByRenderer": false,
          },
          "getDerivedStateFromProps": true,
          "getSnapshotBeforeUpdate": true,
          "setState": Object {
            "skipsComponentDidUpdateOnNullish": true,
          },
        },
      },
    },
  },
}
`;
